........................................................................ [  7%]
.......xxx.............................................................. [ 14%]
........................................................................ [ 22%]
........s............................................................... [ 29%]
........................................................................ [ 36%]
........................................................................ [ 44%]
........................................................................ [ 51%]
...ss................................................................... [ 59%]
........................................................................ [ 66%]
........................................................................ [ 73%]
........................................................................ [ 81%]
........sss............................................................. [ 88%]
........................................................................ [ 95%]
........................................                                 [100%]
=============================== warnings summary ===============================
../../../Users/mainguyenbinhtan/Downloads/Projects/.e2e-envs/maia/lib/python3.11/site-packages/passlib/utils/__init__.py:854
  /Users/mainguyenbinhtan/Downloads/Projects/.e2e-envs/maia/lib/python3.11/site-packages/passlib/utils/__init__.py:854: DeprecationWarning: 'crypt' is deprecated and slated for removal in Python 3.13
    from crypt import crypt as _crypt

src/maia/config.py:355
src/maia/config.py:355
  /private/tmp/maia_verify_38189ca/src/maia/config.py:355: RuntimeWarning: JWT_SECRET_KEY is not set — using an ephemeral random key. All tokens/sessions will be invalidated on restart. Set JWT_SECRET_KEY in .env for production.
    warnings.warn(

src/maia/api.py:224
  /private/tmp/maia_verify_38189ca/src/maia/api.py:224: PydanticDeprecatedSince20: Support for class-based `config` is deprecated, use ConfigDict instead. Deprecated in Pydantic V2.0 to be removed in V3.0. See Pydantic V2 Migration Guide at https://errors.pydantic.dev/2.13/migration/
    class UserResponse(BaseModel):

../../../Users/mainguyenbinhtan/Downloads/Projects/.e2e-envs/maia/lib/python3.11/site-packages/pydantic/_internal/_config.py:386
  /Users/mainguyenbinhtan/Downloads/Projects/.e2e-envs/maia/lib/python3.11/site-packages/pydantic/_internal/_config.py:386: UserWarning: Valid config keys have changed in V2:
  * 'orm_mode' has been renamed to 'from_attributes'
    warnings.warn(message, UserWarning)

tests/test_authorization.py::test_request_models_ignore_extra_tenant_id[UrlIngestReq]
tests/test_authorization.py::test_request_models_ignore_extra_tenant_id[MemoryStoreReq]
  /private/tmp/maia_verify_38189ca/tests/test_authorization.py:37: PydanticDeprecatedSince211: Accessing the 'model_fields' attribute on the instance is deprecated. Instead, you should access this attribute from the model class. Deprecated in Pydantic V2.11 to be removed in V3.0.
    assert "tenant_id" not in m.model_fields

tests/test_document_lifecycle.py::test_upload_creates_v1_manifest
  /Users/mainguyenbinhtan/Downloads/Projects/.e2e-envs/maia/lib/python3.11/site-packages/_pytest/python.py:171: PytestReturnNotNoneWarning: Test functions should return None, but tests/test_document_lifecycle.py::test_upload_creates_v1_manifest returned <class 'str'>.
  Did you mean to use `assert` instead of `return`?
  See https://docs.pytest.org/en/stable/how-to/assert.html#return-not-none for more information.
    warnings.warn(

-- Docs: https://docs.pytest.org/en/stable/how-to/capture-warnings.html
967 passed, 7 skipped, 3 xfailed, 8 warnings in 279.46s (0:04:39)
